store_2.csv
date,sales,price,is_festival,is_festival_1d,is_weekend,Max_Temperature,Min_Temperature,extreme_weather,sales_1d,sales_2d,sales_3d,sales_4d,sales_5d,sales_6d,sales_7d,sales_diff,price_diff
2022/1/16,37.555,9.33,0,0,1,11,3,0,24.729,21.273,34.1,16.91,23.685,30.837,32.262,3.456,0.42
2022/1/17,38.696,9.66,0,0,0,13,3,0,37.555,24.729,21.273,34.1,16.91,23.685,30.837,12.826,0.33
2022/1/18,48.428,10.87,0,0,0,12,0,0,38.696,37.555,24.729,21.273,34.1,16.91,23.685,1.141,1.21
2022/1/19,20.817,11.67,0,0,0,13,3,0,48.428,38.696,37.555,24.729,21.273,34.1,16.91,9.732,0.81
2022/1/20,19.69,11.69,0,0,0,9,4,0,20.817,48.428,38.696,37.555,24.729,21.273,34.1,-27.611,0.01
2022/1/21,19.675,11.96,0,0,0,6,2,0,19.69,20.817,48.428,38.696,37.555,24.729,21.273,-1.127,0.27
2022/1/22,32.584,11.27,0,0,1,4,2,0,19.675,19.69,20.817,48.428,38.696,37.555,24.729,-0.015,-0.69
2022/1/23,35.093,10.24,0,0,1,3,1,0,32.584,19.675,19.69,20.817,48.428,38.696,37.555,12.909,-1.03
2022/1/24,33.237,11.96,0,0,0,4,0,0,35.093,32.584,19.675,19.69,20.817,48.428,38.696,2.509,1.72
2022/1/25,33.945,10.49,0,0,0,5,-2,0,33.237,35.093,32.584,19.675,19.69,20.817,48.428,-1.856,-1.47
2022/1/26,41.22,10.74,0,0,0,3,0,0,33.945,33.237,35.093,32.584,19.675,19.69,20.817,0.708,0.25
2022/1/27,52.332,11.36,0,0,0,3,-4,0,41.22,33.945,33.237,35.093,32.584,19.675,19.69,7.275,0.62
2022/1/28,42.317,11.96,0,0,0,3,0,0,52.332,41.22,33.945,33.237,35.093,32.584,19.675,11.112,0.6
2022/1/29,91.248,11.98,0,0,1,7,0,0,42.317,52.332,41.22,33.945,33.237,35.093,32.584,-10.015,0.02
2022/1/30,27.661,11.98,0,1,1,7,0,0,91.248,42.317,52.332,41.22,33.945,33.237,35.093,48.931,0
2022/1/31,48.302,11.48,1,0,0,7,1,0,27.661,91.248,42.317,52.332,41.22,33.945,33.237,-63.587,-0.5
2022/2/1,42.784,10.13,1,0,0,7,3,0,48.302,27.661,91.248,42.317,52.332,41.22,33.945,20.641,-1.35
2022/2/2,34.69,11.73,1,0,0,7,1,0,42.784,48.302,27.661,91.248,42.317,52.332,41.22,-5.518,1.6
2022/2/3,1.894,9.61,1,0,0,8,0,0,34.69,42.784,48.302,27.661,91.248,42.317,52.332,-8.094,-2.12
2022/2/4,52.346,7.92,1,0,0,11,-1,0,1.894,34.69,42.784,48.302,27.661,91.248,42.317,-32.796,-1.69
2022/2/5,0.893,11.98,1,0,1,9,2,0,52.346,1.894,34.69,42.784,48.302,27.661,91.248,50.452,4.06
2022/2/6,40.462,11.92,1,0,1,5,0,0,0.893,52.346,1.894,34.69,42.784,48.302,27.661,-51.453,-0.06
2022/2/7,23.74,11.98,0,0,0,3,0,1,40.462,0.893,52.346,1.894,34.69,42.784,48.302,39.569,0.06
2022/2/8,19.336,10.6,0,0,0,4,1,0,23.74,40.462,0.893,52.346,1.894,34.69,42.784,-16.722,-1.38
2022/2/9,48.238,8.12,0,0,0,9,0,0,19.336,23.74,40.462,0.893,52.346,1.894,34.69,-4.404,-2.48
2022/2/10,18.569,11.06,0,0,0,6,3,0,48.238,19.336,23.74,40.462,0.893,52.346,1.894,28.902,2.94
2022/2/11,36.609,8.06,0,0,0,8,2,0,18.569,48.238,19.336,23.74,40.462,0.893,52.346,-29.669,-3
2022/2/12,42.939,8.11,0,0,1,8,3,0,36.609,18.569,48.238,19.336,23.74,40.462,0.893,18.04,0.05
2022/2/13,21.315,9.72,0,0,1,10,1,0,42.939,36.609,18.569,48.238,19.336,23.74,40.462,6.33,1.61
2022/2/14,23.39,10.06,0,0,0,11,4,0,21.315,42.939,36.609,18.569,48.238,19.336,23.74,-21.624,0.34
2022/2/15,20.253,11.11,0,0,0,10,6,0,23.39,21.315,42.939,36.609,18.569,48.238,19.336,2.075,1.05
2022/2/16,11.177,11.29,0,0,0,8,4,0,20.253,23.39,21.315,42.939,36.609,18.569,48.238,-3.137,0.18
2022/2/17,8.534,11.23,0,0,0,2,0,0,11.177,20.253,23.39,21.315,42.939,36.609,18.569,-9.076,-0.07
2022/2/18,22.808,9,0,0,0,3,0,0,8.534,11.177,20.253,23.39,21.315,42.939,36.609,-2.643,-2.22
2022/2/19,37.836,9.59,0,0,1,8,0,0,22.808,8.534,11.177,20.253,23.39,21.315,42.939,14.274,0.59
2022/2/20,22.195,11.42,0,0,1,8,0,0,37.836,22.808,8.534,11.177,20.253,23.39,21.315,15.028,1.83
2022/2/21,16.99,11.77,0,0,0,10,3,0,22.195,37.836,22.808,8.534,11.177,20.253,23.39,-15.641,0.34
2022/2/22,25.625,11.34,0,0,0,10,0,0,16.99,22.195,37.836,22.808,8.534,11.177,20.253,-5.205,-0.43
2022/2/23,18.691,10.2,0,0,0,11,0,0,25.625,16.99,22.195,37.836,22.808,8.534,11.177,8.635,-1.14
2022/2/24,12.86,11.96,0,0,0,13,1,0,18.691,25.625,16.99,22.195,37.836,22.808,8.534,-6.934,1.76
2022/2/25,23.427,9.81,0,0,0,14,3,0,12.86,18.691,25.625,16.99,22.195,37.836,22.808,-5.831,-2.15
2022/2/26,28.056,9.82,0,0,1,19,7,0,23.427,12.86,18.691,25.625,16.99,22.195,37.836,10.567,0.01
2022/2/27,18.401,10.48,0,0,1,17,9,0,28.056,23.427,12.86,18.691,25.625,16.99,22.195,4.629,0.66
2022/2/28,24.95,9.92,0,0,0,12,11,0,18.401,28.056,23.427,12.86,18.691,25.625,16.99,-9.655,-0.56
2022/3/1,17.63,10.76,0,0,0,17,8,0,24.95,18.401,28.056,23.427,12.86,18.691,25.625,6.549,0.84
2022/3/2,16.3,8.87,0,0,0,13,10,0,17.63,24.95,18.401,28.056,23.427,12.86,18.691,-7.32,-1.89
2022/3/3,21.833,10.05,0,0,0,20,5,0,16.3,17.63,24.95,18.401,28.056,23.427,12.86,-1.33,1.18
2022/3/4,22.765,8.35,0,0,0,20,13,0,21.833,16.3,17.63,24.95,18.401,28.056,23.427,5.533,-1.7
2022/3/5,26.982,10.76,0,0,1,18,8,0,22.765,21.833,16.3,17.63,24.95,18.401,28.056,0.932,2.41
2022/3/6,23.104,9.73,0,0,1,18,5,0,26.982,22.765,21.833,16.3,17.63,24.95,18.401,4.217,-1.03
2022/3/7,13.847,10.76,0,0,0,21,6,0,23.104,26.982,22.765,21.833,16.3,17.63,24.95,-3.878,1.03
2022/3/8,26.529,10.37,0,0,0,20,9,0,13.847,23.104,26.982,22.765,21.833,16.3,17.63,-9.257,-0.39
2022/3/9,24.64,10.76,0,0,0,20,8,0,26.529,13.847,23.104,26.982,22.765,21.833,16.3,12.682,0.39
2022/3/10,21.849,10.76,0,0,0,19,9,0,24.64,26.529,13.847,23.104,26.982,22.765,21.833,-1.889,0
2022/3/11,17.388,10.76,0,0,0,14,8,0,21.849,24.64,26.529,13.847,23.104,26.982,22.765,-2.791,0
2022/3/12,20.058,10.76,0,0,1,17,4,0,17.388,21.849,24.64,26.529,13.847,23.104,26.982,-4.461,0
2022/3/13,19.723,10.76,0,0,1,28,16,0,20.058,17.388,21.849,24.64,26.529,13.847,23.104,2.67,0
2022/3/14,29.108,8.97,0,0,0,24,15,0,19.723,20.058,17.388,21.849,24.64,26.529,13.847,-0.335,-1.79
2022/3/15,18.785,10.76,0,0,0,28,15,0,29.108,19.723,20.058,17.388,21.849,24.64,26.529,9.385,1.79
2022/3/16,21.399,9.86,0,0,0,22,11,1,18.785,29.108,19.723,20.058,17.388,21.849,24.64,-10.323,-0.89
2022/3/17,19.896,9.52,0,0,0,19,8,0,21.399,18.785,29.108,19.723,20.058,17.388,21.849,2.614,-0.34
2022/3/18,20.073,10.76,0,0,0,13,8,0,19.896,21.399,18.785,29.108,19.723,20.058,17.388,-1.503,1.24
2022/3/19,20.735,9.55,0,0,1,15,9,0,20.073,19.896,21.399,18.785,29.108,19.723,20.058,0.177,-1.21
2022/3/20,21.234,9.1,0,0,1,9,6,0,20.735,20.073,19.896,21.399,18.785,29.108,19.723,0.662,-0.45
2022/3/21,31.852,9.82,0,0,0,8,7,0,21.234,20.735,20.073,19.896,21.399,18.785,29.108,0.499,0.71
2022/3/22,16.809,10.3,0,0,0,7,5,0,31.852,21.234,20.735,20.073,19.896,21.399,18.785,10.618,0.48
2022/3/23,21.429,10.52,0,0,0,13,3,0,16.809,31.852,21.234,20.735,20.073,19.896,21.399,-15.043,0.22
2022/3/24,12.026,10.76,0,0,0,18,7,0,21.429,16.809,31.852,21.234,20.735,20.073,19.896,4.62,0.24
2022/3/25,33.715,9.72,0,0,0,11,4,0,12.026,21.429,16.809,31.852,21.234,20.735,20.073,-9.403,-1.04
2022/3/26,26.716,10.44,0,0,1,15,11,0,33.715,12.026,21.429,16.809,31.852,21.234,20.735,21.689,0.72
2022/3/27,26.022,10.76,0,0,1,20,8,0,26.716,33.715,12.026,21.429,16.809,31.852,21.234,-6.999,0.32
2022/3/28,25.79,10.76,0,0,0,21,9,0,26.022,26.716,33.715,12.026,21.429,16.809,31.852,-0.694,0
2022/3/29,16.246,10.76,0,0,0,20,10,0,25.79,26.022,26.716,33.715,12.026,21.429,16.809,-0.232,0
2022/3/30,34.361,8.73,0,0,0,22,15,0,16.246,25.79,26.022,26.716,33.715,12.026,21.429,-9.544,-2.03
2022/3/31,23.335,9.96,0,0,0,14,11,0,34.361,16.246,25.79,26.022,26.716,33.715,12.026,18.115,1.23
2022/4/1,18.698,6.83,0,0,0,16,9,0,23.335,34.361,16.246,25.79,26.022,26.716,33.715,-11.026,-3.12
2022/4/2,27.356,7.01,0,1,1,21,9,0,18.698,23.335,34.361,16.246,25.79,26.022,26.716,-4.637,0.18
2022/4/3,30.219,7.74,1,0,1,23,10,0,27.356,18.698,23.335,34.361,16.246,25.79,26.022,8.658,0.73
2022/4/4,65.993,7.65,1,0,0,20,12,0,30.219,27.356,18.698,23.335,34.361,16.246,25.79,2.863,-0.09
2022/4/5,12.099,7.2,1,0,0,24,12,0,65.993,30.219,27.356,18.698,23.335,34.361,16.246,35.774,-0.45
2022/4/6,24.034,8.74,0,0,0,26,13,0,12.099,65.993,30.219,27.356,18.698,23.335,34.361,-53.894,1.54
2022/4/7,41.676,7.37,0,0,0,28,16,0,24.034,12.099,65.993,30.219,27.356,18.698,23.335,11.935,-1.37
2022/4/8,19.579,11.16,0,0,0,28,14,0,41.676,24.034,12.099,65.993,30.219,27.356,18.698,17.642,3.79
2022/4/9,25.587,10.42,0,0,1,31,18,0,19.579,41.676,24.034,12.099,65.993,30.219,27.356,-22.097,-0.74
2022/4/10,21.821,11.16,0,0,1,32,17,0,25.587,19.579,41.676,24.034,12.099,65.993,30.219,6.008,0.74
2022/4/11,14.212,11.16,0,0,0,31,19,0,21.821,25.587,19.579,41.676,24.034,12.099,65.993,-3.766,0
2022/4/12,19.558,10.84,0,0,0,24,13,0,14.212,21.821,25.587,19.579,41.676,24.034,12.099,-7.609,-0.32
2022/4/13,22.886,10.83,0,0,0,21,12,0,19.558,14.212,21.821,25.587,19.579,41.676,24.034,5.346,-0.01
2022/4/14,28.187,10.49,0,0,0,17,12,0,22.886,19.558,14.212,21.821,25.587,19.579,41.676,3.328,-0.33
2022/4/15,23.422,10.79,0,0,0,12,9,0,28.187,22.886,19.558,14.212,21.821,25.587,19.579,5.301,0.29
2022/4/16,21.731,10.08,0,0,1,15,9,0,23.422,28.187,22.886,19.558,14.212,21.821,25.587,-4.765,-0.71
2022/4/17,17.142,11.16,0,0,1,19,8,0,21.731,23.422,28.187,22.886,19.558,14.212,21.821,-1.691,1.08
2022/4/18,22.263,10.88,0,0,0,21,10,0,17.142,21.731,23.422,28.187,22.886,19.558,14.212,-4.589,-0.28
2022/4/19,23.771,9.88,0,0,0,24,14,0,22.263,17.142,21.731,23.422,28.187,22.886,19.558,5.121,-1
2022/4/20,19.957,11.16,0,0,0,27,15,0,23.771,22.263,17.142,21.731,23.422,28.187,22.886,1.508,1.28
2022/4/21,17.726,10.67,0,0,0,28,14,0,19.957,23.771,22.263,17.142,21.731,23.422,28.187,-3.814,-0.49
2022/4/22,27.728,9.64,0,0,0,25,18,0,17.726,19.957,23.771,22.263,17.142,21.731,23.422,-2.231,-1.03
2022/4/23,17.803,10.81,0,0,1,27,18,0,27.728,17.726,19.957,23.771,22.263,17.142,21.731,10.002,1.17
2022/4/24,20.296,11.16,0,0,1,29,21,1,17.803,27.728,17.726,19.957,23.771,22.263,17.142,-9.925,0.35
2022/4/25,25.644,10.12,0,0,0,26,17,0,20.296,17.803,27.728,17.726,19.957,23.771,22.263,2.493,-1.04
2022/4/26,19.066,10.59,0,0,0,28,21,0,25.644,20.296,17.803,27.728,17.726,19.957,23.771,5.348,0.47
2022/4/27,24.373,11,0,0,0,27,19,0,19.066,25.644,20.296,17.803,27.728,17.726,19.957,-6.578,0.41
2022/4/28,22.189,9.96,0,0,0,22,10,0,24.373,19.066,25.644,20.296,17.803,27.728,17.726,5.307,-1.04
2022/4/29,22.871,9.67,0,1,0,21,10,0,22.189,24.373,19.066,25.644,20.296,17.803,27.728,-2.184,-0.29
2022/4/30,32.605,10.76,1,0,1,17,13,0,22.871,22.189,24.373,19.066,25.644,20.296,17.803,0.682,1.09
2022/5/1,30.808,10.7,1,0,1,23,13,0,32.605,22.871,22.189,24.373,19.066,25.644,20.296,9.734,-0.06
2022/5/2,36.835,10.76,1,0,0,26,13,0,30.808,32.605,22.871,22.189,24.373,19.066,25.644,-1.797,0.06
2022/5/3,46.217,10.49,1,0,0,28,13,0,36.835,30.808,32.605,22.871,22.189,24.373,19.066,6.027,-0.26
2022/5/4,42.251,11.16,1,0,0,28,15,0,46.217,36.835,30.808,32.605,22.871,22.189,24.373,9.382,0.67
2022/5/5,29.086,9.37,0,0,0,29,18,0,42.251,46.217,36.835,30.808,32.605,22.871,22.189,-3.966,-1.79
2022/5/6,16.694,11.16,0,0,0,26,16,0,29.086,42.251,46.217,36.835,30.808,32.605,22.871,-13.165,1.79
2022/5/7,26.061,10.39,0,0,1,28,21,0,16.694,29.086,42.251,46.217,36.835,30.808,32.605,-12.392,-0.77
2022/5/8,70.31,7.19,0,0,1,27,19,0,26.061,16.694,29.086,42.251,46.217,36.835,30.808,9.367,-3.2
2022/5/9,26.551,8.31,0,0,0,18,14,0,70.31,26.061,16.694,29.086,42.251,46.217,36.835,44.249,1.12
2022/5/10,14.132,11.16,0,0,0,22,13,0,26.551,70.31,26.061,16.694,29.086,42.251,46.217,-43.759,2.85
2022/5/11,16.077,10.5,0,0,0,23,18,0,14.132,26.551,70.31,26.061,16.694,29.086,42.251,-12.419,-0.66
2022/5/12,23.056,8.67,0,0,0,24,17,0,16.077,14.132,26.551,70.31,26.061,16.694,29.086,1.945,-1.83
2022/5/13,24.297,9.61,0,0,0,22,17,0,23.056,16.077,14.132,26.551,70.31,26.061,16.694,6.979,0.94
2022/5/14,10.163,11.16,0,0,1,21,10,0,24.297,23.056,16.077,14.132,26.551,70.31,26.061,1.241,1.54
2022/5/15,27.729,8.27,0,0,1,27,14,0,10.163,24.297,23.056,16.077,14.132,26.551,70.31,-14.134,-2.89
2022/5/16,32.258,8.75,0,0,0,29,14,0,27.729,10.163,24.297,23.056,16.077,14.132,26.551,17.566,0.48
2022/5/17,21.329,10.76,0,0,0,28,17,0,32.258,27.729,10.163,24.297,23.056,16.077,14.132,4.529,2.02
2022/5/18,17.167,10.57,0,0,0,22,17,0,21.329,32.258,27.729,10.163,24.297,23.056,16.077,-10.929,-0.19
2022/5/19,18.722,10.04,0,0,0,18,15,0,17.167,21.329,32.258,27.729,10.163,24.297,23.056,-4.162,-0.53
2022/5/20,17.197,10.43,0,0,0,25,16,0,18.722,17.167,21.329,32.258,27.729,10.163,24.297,1.555,0.39
2022/5/21,24.681,10.86,0,0,1,25,17,0,17.197,18.722,17.167,21.329,32.258,27.729,10.163,-1.525,0.43
2022/5/22,29.266,7.53,0,0,1,24,18,0,24.681,17.197,18.722,17.167,21.329,32.258,27.729,7.484,-3.33
2022/5/23,5.707,10.3,0,0,0,28,19,0,29.266,24.681,17.197,18.722,17.167,21.329,32.258,4.585,2.77
2022/5/24,23.276,8.21,0,0,0,30,20,0,5.707,29.266,24.681,17.197,18.722,17.167,21.329,-23.559,-2.09
2022/5/25,18.426,7.38,0,0,0,29,21,0,23.276,5.707,29.266,24.681,17.197,18.722,17.167,17.569,-0.83
2022/5/26,20.102,6.15,0,0,0,26,19,0,18.426,23.276,5.707,29.266,24.681,17.197,18.722,-4.85,-1.23
2022/5/27,29.023,9.05,0,0,0,23,20,0,20.102,18.426,23.276,5.707,29.266,24.681,17.197,1.676,2.9
2022/5/28,31.31,9.89,0,0,1,36,22,0,29.023,20.102,18.426,23.276,5.707,29.266,24.681,8.921,0.84
2022/5/29,11.318,11.16,0,0,1,31,20,0,31.31,29.023,20.102,18.426,23.276,5.707,29.266,2.287,1.27
2022/5/30,22.679,11.16,0,0,0,30,20,0,11.318,31.31,29.023,20.102,18.426,23.276,5.707,-19.992,0
2022/5/31,18.041,9.77,0,0,0,29,24,0,22.679,11.318,31.31,29.023,20.102,18.426,23.276,11.361,-1.39
2022/6/1,9.037,9.72,0,0,0,29,23,0,18.041,22.679,11.318,31.31,29.023,20.102,18.426,-4.638,-0.06
2022/6/2,50.449,6.75,0,1,0,29,24,0,9.037,18.041,22.679,11.318,31.31,29.023,20.102,-9.004,-2.97
2022/6/3,44.697,10.43,1,0,0,29,24,0,50.449,9.037,18.041,22.679,11.318,31.31,29.023,41.412,3.68
2022/6/4,21.633,11.16,1,0,1,30,24,0,44.697,50.449,9.037,18.041,22.679,11.318,31.31,-5.752,0.73
2022/6/5,14.151,11.16,1,0,1,35,20,0,21.633,44.697,50.449,9.037,18.041,22.679,11.318,-23.064,0
2022/6/6,27.898,6.85,0,0,0,34,22,0,14.151,21.633,44.697,50.449,9.037,18.041,22.679,-7.482,-4.31
2022/6/7,24.173,7.96,0,0,0,32,21,0,27.898,14.151,21.633,44.697,50.449,9.037,18.041,13.747,1.11
2022/6/8,13.369,11.16,0,0,0,34,24,0,24.173,27.898,14.151,21.633,44.697,50.449,9.037,-3.725,3.2
2022/6/9,22.812,7.11,0,0,0,31,25,0,13.369,24.173,27.898,14.151,21.633,44.697,50.449,-10.804,-4.05
2022/6/10,15.936,8.01,0,0,0,31,24,0,22.812,13.369,24.173,27.898,14.151,21.633,44.697,9.443,0.9
2022/6/11,26.044,8.31,0,0,1,33,22,0,15.936,22.812,13.369,24.173,27.898,14.151,21.633,-6.876,0.3
2022/6/12,17.674,8.58,0,0,1,26,19,0,26.044,15.936,22.812,13.369,24.173,27.898,14.151,10.108,0.27
2022/6/13,19.605,8.55,0,0,0,28,21,0,17.674,26.044,15.936,22.812,13.369,24.173,27.898,-8.37,-0.02
2022/6/14,32.961,7.74,0,0,0,33,23,0,19.605,17.674,26.044,15.936,22.812,13.369,24.173,1.931,-0.81
2022/6/15,12.744,8.52,0,0,0,34,23,0,32.961,19.605,17.674,26.044,15.936,22.812,13.369,13.356,0.78
2022/6/16,36.848,6.81,0,0,0,38,23,0,12.744,32.961,19.605,17.674,26.044,15.936,22.812,-20.217,-1.71
2022/6/17,26.531,7.98,0,0,0,31,24,0,36.848,12.744,32.961,19.605,17.674,26.044,15.936,24.104,1.17
2022/6/18,37.942,7.17,0,0,1,32,24,0,26.531,36.848,12.744,32.961,19.605,17.674,26.044,-10.317,-0.81
2022/6/19,21.731,7.98,0,0,1,27,24,0,37.942,26.531,36.848,12.744,32.961,19.605,17.674,11.411,0.81
2022/6/20,19.888,10.41,0,0,0,30,24,0,21.731,37.942,26.531,36.848,12.744,32.961,19.605,-16.211,2.43
2022/6/21,18.988,10.56,0,0,0,32,25,0,19.888,21.731,37.942,26.531,36.848,12.744,32.961,-1.843,0.15
2022/6/22,20.501,10.07,0,0,0,34,27,0,18.988,19.888,21.731,37.942,26.531,36.848,12.744,-0.9,-0.49
2022/6/23,22.15,9.49,0,0,0,31,26,0,20.501,18.988,19.888,21.731,37.942,26.531,36.848,1.513,-0.58
2022/6/24,29.158,9.63,0,0,0,33,25,0,22.15,20.501,18.988,19.888,21.731,37.942,26.531,1.649,0.14
2022/6/25,19.339,9.96,0,0,1,34,28,0,29.158,22.15,20.501,18.988,19.888,21.731,37.942,7.008,0.33
2022/6/26,25.724,9.96,0,0,1,33,28,0,19.339,29.158,22.15,20.501,18.988,19.888,21.731,-9.819,0
2022/6/27,21.096,9.96,0,0,0,31,25,0,25.724,19.339,29.158,22.15,20.501,18.988,19.888,6.385,0
2022/6/28,20.821,9.66,0,0,0,34,25,0,21.096,25.724,19.339,29.158,22.15,20.501,18.988,-4.628,-0.3
2022/6/29,20.491,9.51,0,0,0,31,23,0,20.821,21.096,25.724,19.339,29.158,22.15,20.501,-0.275,-0.15
2022/6/30,23.58,8.72,0,0,0,34,26,0,20.491,20.821,21.096,25.724,19.339,29.158,22.15,-0.33,-0.79
2022/7/1,21.58,7.59,0,0,0,34,25,0,23.58,20.491,20.821,21.096,25.724,19.339,29.158,3.089,-1.12
2022/7/2,21.099,9.74,0,0,1,33,25,0,21.58,23.58,20.491,20.821,21.096,25.724,19.339,-2,2.14
2022/7/3,21.525,9.42,0,0,1,31,25,0,21.099,21.58,23.58,20.491,20.821,21.096,25.724,-0.481,-0.32
2022/7/4,18.365,9.16,0,0,0,28,24,1,21.525,21.099,21.58,23.58,20.491,20.821,21.096,0.426,-0.26
2022/7/5,27.083,8.92,0,0,0,29,24,0,18.365,21.525,21.099,21.58,23.58,20.491,20.821,-3.16,-0.24
2022/7/6,20.449,9.16,0,0,0,33,25,0,27.083,18.365,21.525,21.099,21.58,23.58,20.491,8.718,0.24
2022/7/7,21.518,9.16,0,0,0,32,26,0,20.449,27.083,18.365,21.525,21.099,21.58,23.58,-6.634,0
2022/7/8,20.444,9.04,0,0,0,33,27,0,21.518,20.449,27.083,18.365,21.525,21.099,21.58,1.069,-0.12
2022/7/9,24.508,9.16,0,0,1,33,28,0,20.444,21.518,20.449,27.083,18.365,21.525,21.099,-1.074,0.12
2022/7/10,16.824,9.16,0,0,1,27,21,0,24.508,20.444,21.518,20.449,27.083,18.365,21.525,4.064,0
2022/7/11,26.174,7.9,0,0,0,37,28,0,16.824,24.508,20.444,21.518,20.449,27.083,18.365,-7.684,-1.25
2022/7/12,23.953,9.16,0,0,0,36,29,0,26.174,16.824,24.508,20.444,21.518,20.449,27.083,9.35,1.25
2022/7/13,20.099,9.16,0,0,0,36,29,0,23.953,26.174,16.824,24.508,20.444,21.518,20.449,-2.221,0
2022/7/14,20.777,9.16,0,0,0,37,29,0,20.099,23.953,26.174,16.824,24.508,20.444,21.518,-3.854,0
2022/7/15,27.071,8.64,0,0,0,37,29,0,20.777,20.099,23.953,26.174,16.824,24.508,20.444,0.678,-0.52
2022/7/16,31.153,8.59,0,0,1,35,28,0,27.071,20.777,20.099,23.953,26.174,16.824,24.508,6.294,-0.05
2022/7/17,21.889,9.16,0,0,1,33,26,0,31.153,27.071,20.777,20.099,23.953,26.174,16.824,4.082,0.57
2022/7/18,21.497,9.16,0,0,0,35,27,0,21.889,31.153,27.071,20.777,20.099,23.953,26.174,-9.264,0
2022/7/19,24.991,8.52,0,0,0,29,25,0,21.497,21.889,31.153,27.071,20.777,20.099,23.953,-0.392,-0.64
2022/7/20,25.306,9.16,0,0,0,26,22,0,24.991,21.497,21.889,31.153,27.071,20.777,20.099,3.494,0.64
