store_2.csv
date,sales,price,is_festival,is_festival_1d,is_weekend,Max_Temperature,Min_Temperature,extreme_weather,sales_1d,sales_2d,sales_3d,sales_4d,sales_5d,sales_6d,sales_7d,sales_diff,price_diff
2022/7/21,32.898,9.25,0,0,0,33,25,0,25.306,24.991,21.497,21.889,31.153,27.071,20.777,0.315,0.09
2022/7/22,21.945,8.04,0,0,0,34,25,0,32.898,25.306,24.991,21.497,21.889,31.153,27.071,7.592,-1.21
2022/7/23,41.461,7.41,0,0,1,26,20,0,21.945,32.898,25.306,24.991,21.497,21.889,31.153,-10.953,-0.63
2022/7/24,47.377,7.3,0,0,1,34,23,0,41.461,21.945,32.898,25.306,24.991,21.497,21.889,19.516,-0.11
2022/7/25,46.919,6.66,0,0,0,33,24,0,47.377,41.461,21.945,32.898,25.306,24.991,21.497,5.916,-0.64
2022/7/26,24.291,8.66,0,0,0,37,27,0,46.919,47.377,41.461,21.945,32.898,25.306,24.991,-0.458,2
2022/7/27,38.088,7.98,0,0,0,36,25,0,24.291,46.919,47.377,41.461,21.945,32.898,25.306,-22.628,-0.68
2022/7/28,41.118,9.54,0,0,0,30,25,0,38.088,24.291,46.919,47.377,41.461,21.945,32.898,13.797,1.56
2022/7/29,21.763,9.85,0,0,0,33,24,0,41.118,38.088,24.291,46.919,47.377,41.461,21.945,3.03,0.31
2022/7/30,31.567,8.55,0,0,1,35,25,0,21.763,41.118,38.088,24.291,46.919,47.377,41.461,-19.355,-1.3
2022/7/31,21.259,9.6,0,0,1,34,24,0,31.567,21.763,41.118,38.088,24.291,46.919,47.377,9.804,1.05
2022/8/1,32.668,9.87,0,0,0,34,25,0,21.259,31.567,21.763,41.118,38.088,24.291,46.919,-10.308,0.27
2022/8/2,28.039,9.54,0,0,0,35,28,0,32.668,21.259,31.567,21.763,41.118,38.088,24.291,11.409,-0.33
2022/8/3,30.692,9.68,0,0,0,36,27,0,28.039,32.668,21.259,31.567,21.763,41.118,38.088,-4.629,0.14
2022/8/4,25.953,8.82,0,0,0,35,28,0,30.692,28.039,32.668,21.259,31.567,21.763,41.118,2.653,-0.86
2022/8/5,36.802,8.68,0,0,0,35,28,0,25.953,30.692,28.039,32.668,21.259,31.567,21.763,-4.739,-0.14
2022/8/6,33.379,9.98,0,0,1,35,29,0,36.802,25.953,30.692,28.039,32.668,21.259,31.567,10.849,1.3
2022/8/7,32.833,9.47,0,0,1,37,28,0,33.379,36.802,25.953,30.692,28.039,32.668,21.259,-3.423,-0.51
2022/8/8,29.286,8.94,0,0,0,37,28,0,32.833,33.379,36.802,25.953,30.692,28.039,32.668,-0.546,-0.53
2022/8/9,35.549,9.36,0,0,0,36,28,0,29.286,32.833,33.379,36.802,25.953,30.692,28.039,-3.547,0.43
2022/8/10,26.228,7.85,0,0,0,36,27,0,35.549,29.286,32.833,33.379,36.802,25.953,30.692,6.263,-1.52
2022/8/11,44.676,7.98,0,0,0,36,27,0,26.228,35.549,29.286,32.833,33.379,36.802,25.953,-9.321,0.13
2022/8/12,38.924,7.87,0,0,0,37,28,0,44.676,26.228,35.549,29.286,32.833,33.379,36.802,18.448,-0.11
2022/8/13,49.856,7.84,0,0,1,36,28,0,38.924,44.676,26.228,35.549,29.286,32.833,33.379,-5.752,-0.03
2022/8/14,35.956,7.64,0,0,1,36,29,0,49.856,38.924,44.676,26.228,35.549,29.286,32.833,10.932,-0.19
2022/8/15,36.448,8.92,0,0,0,38,30,0,35.956,49.856,38.924,44.676,26.228,35.549,29.286,-13.9,1.28
2022/8/16,38.613,9.16,0,0,0,36,28,0,36.448,35.956,49.856,38.924,44.676,26.228,35.549,0.492,0.24
2022/8/17,45.188,7.87,0,0,0,37,30,0,38.613,36.448,35.956,49.856,38.924,44.676,26.228,2.165,-1.29
2022/8/18,41.617,8.33,0,0,0,39,30,0,45.188,38.613,36.448,35.956,49.856,38.924,44.676,6.575,0.46
2022/8/19,42.324,8.74,0,0,0,39,29,0,41.617,45.188,38.613,36.448,35.956,49.856,38.924,-3.571,0.41
2022/8/20,43.865,9.16,0,0,1,38,29,0,42.324,41.617,45.188,38.613,36.448,35.956,49.856,0.707,0.42
2022/8/21,36.826,8.46,0,0,1,37,30,0,43.865,42.324,41.617,45.188,38.613,36.448,35.956,1.541,-0.7
2022/8/22,42.15,8.15,0,0,0,38,30,0,36.826,43.865,42.324,41.617,45.188,38.613,36.448,-7.039,-0.3
2022/8/23,49.399,8.11,0,0,0,35,24,0,42.15,36.826,43.865,42.324,41.617,45.188,38.613,5.324,-0.04
2022/8/24,34.91,8.66,0,0,0,34,26,0,49.399,42.15,36.826,43.865,42.324,41.617,45.188,7.249,0.55
2022/8/25,51.908,7.32,0,0,0,35,26,0,34.91,49.399,42.15,36.826,43.865,42.324,41.617,-14.489,-1.33
2022/8/26,47.206,7.65,0,0,0,33,27,0,51.908,34.91,49.399,42.15,36.826,43.865,42.324,16.998,0.32
2022/8/27,57.342,7.65,0,0,1,28,22,0,47.206,51.908,34.91,49.399,42.15,36.826,43.865,-4.702,0.01
2022/8/28,55.057,7.68,0,0,1,25,21,0,57.342,47.206,51.908,34.91,49.399,42.15,36.826,10.136,0.03
2022/8/29,54.861,9.16,0,0,0,24,22,0,55.057,57.342,47.206,51.908,34.91,49.399,42.15,-2.285,1.47
2022/8/30,36.9,9.78,0,0,0,23,19,0,54.861,55.057,57.342,47.206,51.908,34.91,49.399,-0.196,0.62
2022/8/31,48.394,8.99,0,0,0,26,20,0,36.9,54.861,55.057,57.342,47.206,51.908,34.91,-17.961,-0.79
2022/9/1,39.281,9.96,0,0,0,26,21,0,48.394,36.9,54.861,55.057,57.342,47.206,51.908,11.494,0.97
2022/9/2,35.382,9.26,0,0,0,31,21,0,39.281,48.394,36.9,54.861,55.057,57.342,47.206,-9.113,-0.69
2022/9/3,36.012,8.68,0,0,1,31,21,0,35.382,39.281,48.394,36.9,54.861,55.057,57.342,-3.899,-0.59
2022/9/4,53.398,8.15,0,0,1,32,21,0,36.012,35.382,39.281,48.394,36.9,54.861,55.057,0.63,-0.53
2022/9/5,33.672,8.78,0,0,0,35,21,0,53.398,36.012,35.382,39.281,48.394,36.9,54.861,17.386,0.63
2022/9/6,43.735,7.35,0,0,0,37,20,0,33.672,53.398,36.012,35.382,39.281,48.394,36.9,-19.726,-1.43
2022/9/7,54.452,6,0,0,0,36,23,0,43.735,33.672,53.398,36.012,35.382,39.281,48.394,10.063,-1.36
2022/9/8,47.432,6.94,0,0,0,35,25,0,54.452,43.735,33.672,53.398,36.012,35.382,39.281,10.717,0.94
2022/9/9,51.464,7.66,0,1,0,31,25,0,47.432,54.452,43.735,33.672,53.398,36.012,35.382,-7.02,0.72
2022/9/10,55.527,7.79,1,0,1,33,22,0,51.464,47.432,54.452,43.735,33.672,53.398,36.012,4.032,0.12
2022/9/11,55.491,7.98,1,0,1,33,23,0,55.527,51.464,47.432,54.452,43.735,33.672,53.398,4.063,0.19
2022/9/12,41.498,7.87,1,0,0,33,23,0,55.491,55.527,51.464,47.432,54.452,43.735,33.672,-0.036,-0.11
2022/9/13,32.505,9.34,0,0,0,33,23,0,41.498,55.491,55.527,51.464,47.432,54.452,43.735,-13.993,1.47
2022/9/14,42.743,6.39,0,0,0,32,21,0,32.505,41.498,55.491,55.527,51.464,47.432,54.452,-8.993,-2.94
2022/9/15,28.166,5.76,0,0,0,31,21,0,42.743,32.505,41.498,55.491,55.527,51.464,47.432,10.238,-0.64
2022/9/16,67.505,5.27,0,0,0,33,22,0,28.166,42.743,32.505,41.498,55.491,55.527,51.464,-14.577,-0.48
2022/9/17,30.426,9.16,0,0,1,34,24,0,67.505,28.166,42.743,32.505,41.498,55.491,55.527,39.339,3.89
2022/9/18,30.843,9.16,0,0,1,32,24,0,30.426,67.505,28.166,42.743,32.505,41.498,55.491,-37.079,0
2022/9/19,26.396,6.86,0,0,0,32,23,0,30.843,30.426,67.505,28.166,42.743,32.505,41.498,0.417,-2.29
2022/9/20,29.284,6.23,0,0,0,25,17,0,26.396,30.843,30.426,67.505,28.166,42.743,32.505,-4.447,-0.64
2022/9/21,23.157,5.49,0,0,0,19,18,0,29.284,26.396,30.843,30.426,67.505,28.166,42.743,2.888,-0.74
2022/9/22,36.272,6.99,0,0,0,23,21,0,23.157,29.284,26.396,30.843,30.426,67.505,28.166,-6.127,1.5
2022/9/23,22.174,7.06,0,0,0,27,20,0,36.272,23.157,29.284,26.396,30.843,30.426,67.505,13.115,0.07
2022/9/24,37.751,6.24,0,0,1,21,16,0,22.174,36.272,23.157,29.284,26.396,30.843,30.426,-14.098,-0.82
2022/9/25,33.413,6.65,0,0,1,24,16,0,37.751,22.174,36.272,23.157,29.284,26.396,30.843,15.577,0.41
2022/9/26,27.722,7.23,0,0,0,28,17,0,33.413,37.751,22.174,36.272,23.157,29.284,26.396,-4.338,0.58
2022/9/27,17.594,7.35,0,0,0,29,21,0,27.722,33.413,37.751,22.174,36.272,23.157,29.284,-5.691,0.12
2022/9/28,32.797,6.66,0,0,0,26,19,0,17.594,27.722,33.413,37.751,22.174,36.272,23.157,-10.128,-0.69
2022/9/29,26.056,5.64,0,0,0,31,20,0,32.797,17.594,27.722,33.413,37.751,22.174,36.272,15.203,-1.02
2022/9/30,46.874,5.62,0,1,0,34,24,0,26.056,32.797,17.594,27.722,33.413,37.751,22.174,-6.741,-0.02
2022/10/1,56.457,6.92,1,0,1,37,26,0,46.874,26.056,32.797,17.594,27.722,33.413,37.751,20.818,1.3
2022/10/2,52.64,6.54,1,0,1,37,27,0,56.457,46.874,26.056,32.797,17.594,27.722,33.413,9.583,-0.38
2022/10/3,54.259,6.49,1,0,0,38,17,0,52.64,56.457,46.874,26.056,32.797,17.594,27.722,-3.817,-0.05
2022/10/4,38.513,6.92,1,0,0,19,11,0,54.259,52.64,56.457,46.874,26.056,32.797,17.594,1.619,0.43
2022/10/5,43.034,6.33,1,0,0,12,8,0,38.513,54.259,52.64,56.457,46.874,26.056,32.797,-15.746,-0.59
2022/10/6,43.543,6.73,1,0,0,11,8,0,43.034,38.513,54.259,52.64,56.457,46.874,26.056,4.521,0.4
2022/10/7,48.722,6.7,1,0,0,13,11,0,43.543,43.034,38.513,54.259,52.64,56.457,46.874,0.509,-0.04
2022/10/8,40.757,7.51,0,0,1,14,12,0,48.722,43.543,43.034,38.513,54.259,52.64,56.457,5.179,0.81
2022/10/9,47.635,8.17,0,0,1,19,9,0,40.757,48.722,43.543,43.034,38.513,54.259,52.64,-7.965,0.66
2022/10/10,22.218,8.86,0,0,0,20,8,0,47.635,40.757,48.722,43.543,43.034,38.513,54.259,6.878,0.69
2022/10/11,35.606,7.07,0,0,0,22,10,0,22.218,47.635,40.757,48.722,43.543,43.034,38.513,-25.417,-1.79
2022/10/12,44.962,7.13,0,0,0,24,11,0,35.606,22.218,47.635,40.757,48.722,43.543,43.034,13.388,0.06
2022/10/13,33.809,8.83,0,0,0,25,10,0,44.962,35.606,22.218,47.635,40.757,48.722,43.543,9.356,1.71
2022/10/14,32.326,6.92,0,0,0,26,14,0,33.809,44.962,35.606,22.218,47.635,40.757,48.722,-11.153,-1.92
2022/10/15,55.02,8.72,0,0,1,27,16,0,32.326,33.809,44.962,35.606,22.218,47.635,40.757,-1.483,1.8
2022/10/16,28.111,9.16,0,0,1,29,15,0,55.02,32.326,33.809,44.962,35.606,22.218,47.635,22.694,0.44
2022/10/17,43.209,9.13,0,0,0,23,12,0,28.111,55.02,32.326,33.809,44.962,35.606,22.218,-26.909,-0.03
2022/10/18,58.307,9.11,0,0,0,23,9,0,43.209,28.111,55.02,32.326,33.809,44.962,35.606,15.098,-0.03
2022/10/19,49.883,8.7,0,0,0,24,10,0,58.307,43.209,28.111,55.02,32.326,33.809,44.962,15.098,-0.4
2022/10/20,26.628,9.16,0,0,0,22,15,0,49.883,58.307,43.209,28.111,55.02,32.326,33.809,-8.424,0.46
2022/10/21,44.481,8.98,0,0,0,24,15,0,26.628,49.883,58.307,43.209,28.111,55.02,32.326,-23.255,-0.18
2022/10/22,43.359,9.54,0,0,1,29,15,0,44.481,26.628,49.883,58.307,43.209,28.111,55.02,17.853,0.56
2022/10/23,50.872,8.17,0,0,1,28,16,0,43.359,44.481,26.628,49.883,58.307,43.209,28.111,-1.122,-1.36
2022/10/24,54.646,5.9,0,0,0,21,17,0,50.872,43.359,44.481,26.628,49.883,58.307,43.209,7.513,-2.27
2022/10/25,39.582,6.56,0,0,0,18,16,0,54.646,50.872,43.359,44.481,26.628,49.883,58.307,3.774,0.65
2022/10/26,27.202,10.87,0,0,0,17,14,0,39.582,54.646,50.872,43.359,44.481,26.628,49.883,-15.064,4.31
2022/10/27,43.665,8.64,0,0,0,16,13,0,27.202,39.582,54.646,50.872,43.359,44.481,26.628,-12.38,-2.23
2022/10/28,40.133,8.76,0,0,0,15,13,0,43.665,27.202,39.582,54.646,50.872,43.359,44.481,16.463,0.12
2022/10/29,43.354,8.05,0,0,1,16,14,0,40.133,43.665,27.202,39.582,54.646,50.872,43.359,-3.532,-0.72
2022/10/30,42.313,6.72,0,0,1,22,11,0,43.354,40.133,43.665,27.202,39.582,54.646,50.872,3.221,-1.32
2022/10/31,43.083,8.04,0,0,0,23,11,0,42.313,43.354,40.133,43.665,27.202,39.582,54.646,-1.041,1.32
2022/11/1,34.096,8.99,0,0,0,23,12,0,43.083,42.313,43.354,40.133,43.665,27.202,39.582,0.77,0.95
2022/11/2,44.2955,8,0,0,0,24,11,0,34.096,43.083,42.313,43.354,40.133,43.665,27.202,-8.987,-0.99
2022/11/3,54.495,7,0,0,0,24,12,0,44.2955,34.096,43.083,42.313,43.354,40.133,43.665,10.1995,-0.99
2022/11/4,25.715,7.17,0,0,0,18,12,0,54.495,44.2955,34.096,43.083,42.313,43.354,40.133,10.1995,0.16
2022/11/5,42.538,8.28,0,0,1,20,10,0,25.715,54.495,44.2955,34.096,43.083,42.313,43.354,-28.78,1.11
2022/11/6,15.425,9.7,0,0,1,23,11,0,42.538,25.715,54.495,44.2955,34.096,43.083,42.313,16.823,1.42
2022/11/7,29.684,8.16,0,0,0,24,12,0,15.425,42.538,25.715,54.495,44.2955,34.096,43.083,-27.113,-1.54
2022/11/8,5.597,8.52,0,0,0,24,12,0,29.684,15.425,42.538,25.715,54.495,44.2955,34.096,14.259,0.36
2022/11/9,19.032,8.05,0,0,0,26,14,0,5.597,29.684,15.425,42.538,25.715,54.495,44.2955,-24.087,-0.47
2022/11/10,39.419,8.66,0,0,0,28,17,0,19.032,5.597,29.684,15.425,42.538,25.715,54.495,13.435,0.61
2022/11/11,31.964,8.17,0,0,0,25,17,0,39.419,19.032,5.597,29.684,15.425,42.538,25.715,20.387,-0.49
2022/11/12,19.277,9.96,0,0,1,18,11,0,31.964,39.419,19.032,5.597,29.684,15.425,42.538,-7.455,1.79
2022/11/13,21.266,9.3,0,0,1,13,8,0,19.277,31.964,39.419,19.032,5.597,29.684,15.425,-12.687,-0.66
2022/11/14,11.542,8.76,0,0,0,13,9,0,21.266,19.277,31.964,39.419,19.032,5.597,29.684,1.989,-0.54
2022/11/15,30.061,7.99,0,0,0,19,9,0,11.542,21.266,19.277,31.964,39.419,19.032,5.597,-9.724,-0.77
2022/11/16,24.203,9.29,0,0,0,15,11,0,30.061,11.542,21.266,19.277,31.964,39.419,19.032,18.519,1.3
2022/11/17,15.927,7.55,0,0,0,19,11,0,24.203,30.061,11.542,21.266,19.277,31.964,39.419,-5.858,-1.74
2022/11/18,15.884,9.96,0,0,0,15,12,0,15.927,24.203,30.061,11.542,21.266,19.277,31.964,-8.276,2.41
2022/11/19,38.117,7.37,0,0,1,20,10,0,15.884,15.927,24.203,30.061,11.542,21.266,19.277,-0.043,-2.59
2022/11/20,19.441,8.63,0,0,1,21,13,0,38.117,15.884,15.927,24.203,30.061,11.542,21.266,22.233,1.25
2022/11/21,7.957,8.31,0,0,0,14,12,0,19.441,38.117,15.884,15.927,24.203,30.061,11.542,-18.676,-0.32
2022/11/22,19.573,7.55,0,0,0,17,11,0,7.957,19.441,38.117,15.884,15.927,24.203,30.061,-11.484,-0.76
2022/11/23,24.56,7.11,0,0,0,15,10,0,19.573,7.957,19.441,38.117,15.884,15.927,24.203,11.616,-0.44
2022/11/24,26.515,7.09,0,0,0,18,12,0,24.56,19.573,7.957,19.441,38.117,15.884,15.927,4.987,-0.02
2022/11/25,27.281,6.29,0,0,0,19,11,0,26.515,24.56,19.573,7.957,19.441,38.117,15.884,1.955,-0.8
2022/11/26,12.506,6.76,0,0,1,19,11,0,27.281,26.515,24.56,19.573,7.957,19.441,38.117,0.766,0.47
2022/11/27,34.364,7.17,0,0,1,20,15,0,12.506,27.281,26.515,24.56,19.573,7.957,19.441,-14.775,0.41
2022/11/28,17.377,7.56,0,0,0,13,9,0,34.364,12.506,27.281,26.515,24.56,19.573,7.957,21.858,0.38
2022/11/29,19.049,7.05,0,0,0,11,1,0,17.377,34.364,12.506,27.281,26.515,24.56,19.573,-16.987,-0.51
2022/11/30,14.549,7.25,0,0,0,2,0,0,19.049,17.377,34.364,12.506,27.281,26.515,24.56,1.672,0.2
2022/12/1,18.313,6.27,0,0,0,2,0,0,14.549,19.049,17.377,34.364,12.506,27.281,26.515,-4.5,-0.98
2022/12/2,34.956,4.91,0,0,0,7,-1,0,18.313,14.549,19.049,17.377,34.364,12.506,27.281,3.764,-1.37
2022/12/3,21.683,9.32,0,0,1,7,3,0,34.956,18.313,14.549,19.049,17.377,34.364,12.506,16.643,4.41
2022/12/4,20.61,9.79,0,0,1,6,2,0,21.683,34.956,18.313,14.549,19.049,17.377,34.364,-13.273,0.47
2022/12/5,20.73,9.63,0,0,0,9,2,0,20.61,21.683,34.956,18.313,14.549,19.049,17.377,-1.073,-0.16
2022/12/6,23.531,9.46,0,0,0,8,2,0,20.73,20.61,21.683,34.956,18.313,14.549,19.049,0.12,-0.17
2022/12/7,21.205,9.96,0,0,0,11,4,0,23.531,20.73,20.61,21.683,34.956,18.313,14.549,2.801,0.5
2022/12/8,22.565,7.34,0,0,0,13,3,0,21.205,23.531,20.73,20.61,21.683,34.956,18.313,-2.326,-2.62
2022/12/9,18.675,7.56,0,0,0,14,4,0,22.565,21.205,23.531,20.73,20.61,21.683,34.956,1.36,0.22
2022/12/10,40.958,6.97,0,0,1,15,0,0,18.675,22.565,21.205,23.531,20.73,20.61,21.683,-3.89,-0.59
2022/12/11,36.502,7.42,0,0,1,9,0,0,40.958,18.675,22.565,21.205,23.531,20.73,20.61,22.283,0.45
2022/12/12,32.654,7.42,0,0,0,12,1,0,36.502,40.958,18.675,22.565,21.205,23.531,20.73,-4.456,0
2022/12/13,17.162,9.78,0,0,0,14,0,0,32.654,36.502,40.958,18.675,22.565,21.205,23.531,-3.848,2.35
2022/12/14,26.938,9.96,0,0,0,13,2,0,17.162,32.654,36.502,40.958,18.675,22.565,21.205,-15.492,0.18
2022/12/15,29.038,8.44,0,0,0,13,3,0,26.938,17.162,32.654,36.502,40.958,18.675,22.565,9.776,-1.52
2022/12/16,19.298,9.96,0,0,0,6,2,0,29.038,26.938,17.162,32.654,36.502,40.958,18.675,2.1,1.52
2022/12/17,35.3,9.36,0,0,1,8,-2,0,19.298,29.038,26.938,17.162,32.654,36.502,40.958,-9.74,-0.6
2022/12/18,21.523,8.65,0,0,1,10,0,0,35.3,19.298,29.038,26.938,17.162,32.654,36.502,16.002,-0.71
2022/12/19,38.599,9.73,0,0,0,14,2,0,21.523,35.3,19.298,29.038,26.938,17.162,32.654,-13.777,1.08
2022/12/20,21.897,9.96,0,0,0,11,0,0,38.599,21.523,35.3,19.298,29.038,26.938,17.162,17.076,0.23
2022/12/21,21.897,9.96,0,0,0,17,3,0,21.897,38.599,21.523,35.3,19.298,29.038,26.938,-16.702,0
2022/12/22,21.889,9.75,0,0,0,12,0,0,21.897,21.897,38.599,21.523,35.3,19.298,29.038,0,-0.21
2022/12/23,21.97,9.96,0,0,0,13,0,0,21.889,21.897,21.897,38.599,21.523,35.3,19.298,-0.008,0.21
2022/12/24,24.75,9.96,0,0,1,12,2,0,21.97,21.889,21.897,21.897,38.599,21.523,35.3,0.081,0
2022/12/25,22.261,9.96,0,0,1,7,1,0,24.75,21.97,21.889,21.897,21.897,38.599,21.523,2.78,0
2022/12/26,32.344,9.23,0,0,0,8,3,0,22.261,24.75,21.97,21.889,21.897,21.897,38.599,-2.489,-0.73
2022/12/27,31.738,9.96,0,0,0,5,3,0,32.344,22.261,24.75,21.97,21.889,21.897,21.897,10.083,0.73
2022/12/28,33.8,9.42,0,0,0,9,2,0,31.738,32.344,22.261,24.75,21.97,21.889,21.897,-0.606,-0.54
2022/12/29,33.165,9.96,0,0,0,9,0,0,33.8,31.738,32.344,22.261,24.75,21.97,21.889,2.062,0.54
2022/12/30,33.065,9.96,0,1,0,11,-2,0,33.165,33.8,31.738,32.344,22.261,24.75,21.97,-0.635,0
2022/12/31,32.858,9.71,1,0,1,8,-4,0,33.065,33.165,33.8,31.738,32.344,22.261,24.75,-0.1,-0.25
2023/1/1,43.172,9.96,1,0,1,8,6,0,32.858,33.065,33.165,33.8,31.738,32.344,22.261,-0.207,0.25
2023/1/2,30.925,9.96,1,0,0,11,3,0,43.172,32.858,33.065,33.165,33.8,31.738,32.344,10.314,0
2023/1/3,42.677,9.91,0,0,0,12,3,0,30.925,43.172,32.858,33.065,33.165,33.8,31.738,-12.247,-0.05
2023/1/4,43.202,9.89,0,0,0,9,7,0,42.677,30.925,43.172,32.858,33.065,33.165,33.8,11.752,-0.02
2023/1/5,40.281,9.86,0,0,0,10,2,0,43.202,42.677,30.925,43.172,32.858,33.065,33.165,0.525,-0.03
2023/1/6,34.153,8.46,0,0,0,18,3,0,40.281,43.202,42.677,30.925,43.172,32.858,33.065,-2.921,-1.4
2023/1/7,43.305,9.63,0,0,1,19,5,0,34.153,40.281,43.202,42.677,30.925,43.172,32.858,-6.128,1.17
2023/1/8,43.277,9.8,0,0,1,20,6,0,43.305,34.153,40.281,43.202,42.677,30.925,43.172,9.152,0.17
2023/1/9,43.774,9.59,0,0,0,16,4,0,43.277,43.305,34.153,40.281,43.202,42.677,30.925,-0.028,-0.21
2023/1/10,34.534,9.73,0,0,0,13,4,0,43.774,43.277,43.305,34.153,40.281,43.202,42.677,0.497,0.14
2023/1/11,34.046,9.86,0,0,0,14,8,0,34.534,43.774,43.277,43.305,34.153,40.281,43.202,-9.24,0.14
2023/1/12,34.48,9.92,0,0,0,13,9,0,34.046,34.534,43.774,43.277,43.305,34.153,40.281,-0.488,0.06
2023/1/13,31.308,9.96,0,0,0,9,5,0,34.48,34.046,34.534,43.774,43.277,43.305,34.153,0.434,0.03
2023/1/14,35.811,8.23,0,0,1,6,0,0,31.308,34.48,34.046,34.534,43.774,43.277,43.305,-3.172,-1.73
2023/1/15,35.273,8.71,0,0,1,1,0,0,35.811,31.308,34.48,34.046,34.534,43.774,43.277,4.503,0.48
2023/1/16,44.699,9.62,0,0,0,3,0,0,35.273,35.811,31.308,34.48,34.046,34.534,43.774,-0.538,0.91
2023/1/17,32.376,9.7,0,0,0,6,0,0,44.699,35.273,35.811,31.308,34.48,34.046,34.534,9.426,0.08
2023/1/18,30.045,10.93,0,0,0,9,1,0,32.376,44.699,35.273,35.811,31.308,34.48,34.046,-12.323,1.23
2023/1/19,91.068,11,0,0,0,13,0,0,30.045,32.376,44.699,35.273,35.811,31.308,34.48,-2.331,0.07
2023/1/20,61.732,10.94,0,1,0,11,1,0,91.068,30.045,32.376,44.699,35.273,35.811,31.308,61.023,-0.06
2023/1/21,53.023,10.13,1,0,1,6,4,0,61.732,91.068,30.045,32.376,44.699,35.273,35.811,-29.336,-0.82
