store_2.csv
date,sales,price,is_festival,is_festival_1d,is_weekend,Max_Temperature,Min_Temperature,extreme_weather,sales_1d,sales_2d,sales_3d,sales_4d,sales_5d,sales_6d,sales_7d,sales_diff,price_diff
2023/1/22,47.444,10.35,1,0,1,7,4,0,53.023,61.732,91.068,30.045,32.376,44.699,35.273,-8.709,0.23
2023/1/23,34.945,9.98,1,0,0,9,-1,0,47.444,53.023,61.732,91.068,30.045,32.376,44.699,-5.579,-0.37
2023/1/24,5.045,11.16,1,0,0,5,-2,0,34.945,47.444,53.023,61.732,91.068,30.045,32.376,-12.499,1.18
2023/1/25,1.4,4,1,0,0,6,0,0,5.045,34.945,47.444,53.023,61.732,91.068,30.045,-29.9,-7.16
2023/1/26,30.933,11.16,1,0,0,5,-1,0,1.4,5.045,34.945,47.444,53.023,61.732,91.068,-3.645,7.16
2023/1/27,22.705,9.81,1,0,0,9,-1,0,30.933,1.4,5.045,34.945,47.444,53.023,61.732,29.533,-1.35
2023/1/28,23.772,11.16,0,0,1,11,-1,0,22.705,30.933,1.4,5.045,34.945,47.444,53.023,-8.228,1.35
2023/1/29,18.649,10.72,0,0,1,15,1,0,23.772,22.705,30.933,1.4,5.045,34.945,47.444,1.067,-0.44
2023/1/30,40.489,9.69,0,0,0,18,3,0,18.649,23.772,22.705,30.933,1.4,5.045,34.945,-5.123,-1.03
2023/1/31,29.267,10.21,0,0,0,19,7,0,40.489,18.649,23.772,22.705,30.933,1.4,5.045,21.84,0.51
2023/2/1,29.046,9.27,0,0,0,14,4,0,29.267,40.489,18.649,23.772,22.705,30.933,1.4,-11.222,-0.94
2023/2/2,18.737,9.68,0,0,0,4,0,0,29.046,29.267,40.489,18.649,23.772,22.705,30.933,-0.221,0.41
2023/2/3,19.167,8.82,0,0,0,7,0,0,18.737,29.046,29.267,40.489,18.649,23.772,22.705,-10.309,-0.86
2023/2/4,28.59,9.25,0,0,1,9,5,0,19.167,18.737,29.046,29.267,40.489,18.649,23.772,0.43,0.43
2023/2/5,40.836,8.55,0,0,1,10,3,0,28.59,19.167,18.737,29.046,29.267,40.489,18.649,9.423,-0.7
2023/2/6,17.462,9.96,0,0,0,12,8,0,40.836,28.59,19.167,18.737,29.046,29.267,40.489,12.246,1.41
2023/2/7,26.873,8.79,0,0,0,14,8,0,17.462,40.836,28.59,19.167,18.737,29.046,29.267,-23.374,-1.17
2023/2/8,18.983,9.58,0,0,0,8,6,0,26.873,17.462,40.836,28.59,19.167,18.737,29.046,9.411,0.79
2023/2/9,28.051,9.55,0,0,0,7,4,0,18.983,26.873,17.462,40.836,28.59,19.167,18.737,-7.89,-0.03
2023/2/10,35.899,9.57,0,0,0,7,5,0,28.051,18.983,26.873,17.462,40.836,28.59,19.167,9.068,0.02
2023/2/11,19.838,9,0,0,1,8,5,0,35.899,28.051,18.983,26.873,17.462,40.836,28.59,7.848,-0.57
2023/2/12,25.09,9.37,0,0,1,7,5,0,19.838,35.899,28.051,18.983,26.873,17.462,40.836,-16.061,0.37
2023/2/13,11.428,9.96,0,0,0,5,1,0,25.09,19.838,35.899,28.051,18.983,26.873,17.462,5.252,0.59
2023/2/14,20.261,9.45,0,0,0,9,0,0,11.428,25.09,19.838,35.899,28.051,18.983,26.873,-13.662,-0.51
2023/2/15,25.179,8.84,0,0,0,10,5,0,20.261,11.428,25.09,19.838,35.899,28.051,18.983,8.833,-0.61
2023/2/16,25.222,8.68,0,0,0,8,3,0,25.179,20.261,11.428,25.09,19.838,35.899,28.051,4.918,-0.16
2023/2/17,16.758,9.96,0,0,0,10,9,0,25.222,25.179,20.261,11.428,25.09,19.838,35.899,0.043,1.28
2023/2/18,26.066,9.19,0,0,1,11,8,0,16.758,25.222,25.179,20.261,11.428,25.09,19.838,-8.464,-0.77
2023/2/19,24.226,8.31,0,0,1,16,4,0,26.066,16.758,25.222,25.179,20.261,11.428,25.09,9.308,-0.88
2023/2/20,11.276,9.96,0,0,0,16,8,0,24.226,26.066,16.758,25.222,25.179,20.261,11.428,-1.84,1.65
2023/2/21,23.198,8.62,0,0,0,12,5,0,11.276,24.226,26.066,16.758,25.222,25.179,20.261,-12.95,-1.34
2023/2/22,10.367,7.89,0,0,0,6,5,0,23.198,11.276,24.226,26.066,16.758,25.222,25.179,11.922,-0.73
2023/2/23,20.072,7.08,0,0,0,5,4,0,10.367,23.198,11.276,24.226,26.066,16.758,25.222,-12.831,-0.81
2023/2/24,29.171,7.31,0,0,0,12,3,0,20.072,10.367,23.198,11.276,24.226,26.066,16.758,9.705,0.23
2023/2/25,29.863,8.8,0,0,1,13,2,0,29.171,20.072,10.367,23.198,11.276,24.226,26.066,9.099,1.49
2023/2/26,11.224,7.74,0,0,1,14,3,0,29.863,29.171,20.072,10.367,23.198,11.276,24.226,0.692,-1.05
2023/2/27,16.908,9.96,0,0,0,16,9,0,11.224,29.863,29.171,20.072,10.367,23.198,11.276,-18.639,2.22
2023/2/28,18.081,8.94,0,0,0,15,10,0,16.908,11.224,29.863,29.171,20.072,10.367,23.198,5.684,-1.02
2023/3/1,17.821,8.6,0,0,0,13,6,0,18.081,16.908,11.224,29.863,29.171,20.072,10.367,1.173,-0.34
2023/3/2,22.974,9.65,0,0,0,19,10,0,17.821,18.081,16.908,11.224,29.863,29.171,20.072,-0.26,1.06
2023/3/3,16.427,7.8,0,0,0,13,7,0,22.974,17.821,18.081,16.908,11.224,29.863,29.171,5.153,-1.85
2023/3/4,37.455,7.83,0,0,1,20,9,0,16.427,22.974,17.821,18.081,16.908,11.224,29.863,-6.547,0.03
2023/3/5,34.338,7.52,0,0,1,23,10,0,37.455,16.427,22.974,17.821,18.081,16.908,11.224,21.028,-0.32
2023/3/6,21.692,7.98,0,0,0,20,13,0,34.338,37.455,16.427,22.974,17.821,18.081,16.908,-3.117,0.46
2023/3/7,17.336,8.23,0,0,0,15,14,0,21.692,34.338,37.455,16.427,22.974,17.821,18.081,-12.646,0.25
2023/3/8,18.826,8.54,0,0,0,17,12,0,17.336,21.692,34.338,37.455,16.427,22.974,17.821,-4.356,0.31
2023/3/9,21.115,9.16,0,0,0,25,12,0,18.826,17.336,21.692,34.338,37.455,16.427,22.974,1.49,0.62
2023/3/10,25.238,8.29,0,0,0,25,15,0,21.115,18.826,17.336,21.692,34.338,37.455,16.427,2.289,-0.87
2023/3/11,27.289,9.39,0,0,1,18,14,0,25.238,21.115,18.826,17.336,21.692,34.338,37.455,4.123,1.1
2023/3/12,19.672,9.43,0,0,1,16,8,0,27.289,25.238,21.115,18.826,17.336,21.692,34.338,2.051,0.04
2023/3/13,22.821,9.43,0,0,0,20,7,0,19.672,27.289,25.238,21.115,18.826,17.336,21.692,-7.617,0
2023/3/14,30.753,8.86,0,0,0,23,11,0,22.821,19.672,27.289,25.238,21.115,18.826,17.336,3.149,-0.57
2023/3/15,21.547,8.73,0,0,0,27,16,0,30.753,22.821,19.672,27.289,25.238,21.115,18.826,7.932,-0.13
2023/3/16,22.469,9.76,0,0,0,21,7,1,21.547,30.753,22.821,19.672,27.289,25.238,21.115,-9.206,1.03
2023/3/17,22.854,9.07,0,0,0,9,6,0,22.469,21.547,30.753,22.821,19.672,27.289,25.238,0.922,-0.7
2023/3/18,41.5,9.35,0,0,1,8,5,0,22.854,22.469,21.547,30.753,22.821,19.672,27.289,0.385,0.28
2023/3/19,41.191,8.41,0,0,1,7,6,0,41.5,22.854,22.469,21.547,30.753,22.821,19.672,18.646,-0.94
2023/3/20,28.732,10.12,0,0,0,15,6,0,41.191,41.5,22.854,22.469,21.547,30.753,22.821,-0.309,1.71
2023/3/21,32.642,8.66,0,0,0,12,10,0,28.732,41.191,41.5,22.854,22.469,21.547,30.753,-12.459,-1.46
2023/3/22,23.841,9.5,0,0,0,14,11,0,32.642,28.732,41.191,41.5,22.854,22.469,21.547,3.91,0.84
2023/3/23,20.653,8.08,0,0,0,12,10,0,23.841,32.642,28.732,41.191,41.5,22.854,22.469,-8.801,-1.43
2023/3/24,26.876,7.36,0,0,0,11,8,0,20.653,23.841,32.642,28.732,41.191,41.5,22.854,-3.188,-0.71
2023/3/25,40.834,9.49,0,0,1,9,7,0,26.876,20.653,23.841,32.642,28.732,41.191,41.5,6.223,2.13
2023/3/26,31.112,8.81,0,0,1,12,8,0,40.834,26.876,20.653,23.841,32.642,28.732,41.191,13.958,-0.68
2023/3/27,42.659,8.94,0,0,0,12,8,0,31.112,40.834,26.876,20.653,23.841,32.642,28.732,-9.722,0.13
2023/3/28,28.232,10.35,0,0,0,12,10,0,42.659,31.112,40.834,26.876,20.653,23.841,32.642,11.547,1.42
2023/3/29,34.497,9,0,0,0,15,8,0,28.232,42.659,31.112,40.834,26.876,20.653,23.841,-14.427,-1.35
2023/3/30,27.953,10.23,0,0,0,22,9,0,34.497,28.232,42.659,31.112,40.834,26.876,20.653,6.265,1.23
2023/3/31,34.121,8.6,0,0,0,22,13,0,27.953,34.497,28.232,42.659,31.112,40.834,26.876,-6.544,-1.63
2023/4/1,42.141,10.23,0,0,1,25,16,0,34.121,27.953,34.497,28.232,42.659,31.112,40.834,6.168,1.62
2023/4/2,22.94,11.16,0,0,1,28,20,0,42.141,34.121,27.953,34.497,28.232,42.659,31.112,8.02,0.93
2023/4/3,23.722,10.85,0,0,0,31,16,0,22.94,42.141,34.121,27.953,34.497,28.232,42.659,-19.201,-0.31
2023/4/4,17.054,9.26,0,1,0,29,12,0,23.722,22.94,42.141,34.121,27.953,34.497,28.232,0.782,-1.59
2023/4/5,34.072,10.31,1,0,0,12,10,0,17.054,23.722,22.94,42.141,34.121,27.953,34.497,-6.668,1.05
2023/4/6,18.27,7.19,0,0,0,16,9,0,34.072,17.054,23.722,22.94,42.141,34.121,27.953,17.018,-3.12
2023/4/7,33.93,10.62,0,0,0,20,12,0,18.27,34.072,17.054,23.722,22.94,42.141,34.121,-15.802,3.42
2023/4/8,39.075,9.91,0,0,1,21,12,0,33.93,18.27,34.072,17.054,23.722,22.94,42.141,15.66,-0.71
2023/4/9,29.92,11.16,0,0,1,22,15,0,39.075,33.93,18.27,34.072,17.054,23.722,22.94,5.145,1.25
2023/4/10,30.462,10.27,0,0,0,24,18,0,29.92,39.075,33.93,18.27,34.072,17.054,23.722,-9.155,-0.89
2023/4/11,34.222,11.16,0,0,0,23,17,0,30.462,29.92,39.075,33.93,18.27,34.072,17.054,0.542,0.89
2023/4/12,37.801,7.74,0,0,0,21,18,0,34.222,30.462,29.92,39.075,33.93,18.27,34.072,3.76,-3.42
2023/4/13,60.902,7.92,0,0,0,28,19,0,37.801,34.222,30.462,29.92,39.075,33.93,18.27,3.579,0.19
2023/4/14,40.927,7.89,0,0,0,22,16,0,60.902,37.801,34.222,30.462,29.92,39.075,33.93,23.101,-0.03
2023/4/15,43.459,7.89,0,0,1,26,14,0,40.927,60.902,37.801,34.222,30.462,29.92,39.075,-19.975,0.01
2023/4/16,39.285,9.09,0,0,1,34,19,0,43.459,40.927,60.902,37.801,34.222,30.462,29.92,2.532,1.19
2023/4/17,13.245,10.04,0,0,0,26,20,0,39.285,43.459,40.927,60.902,37.801,34.222,30.462,-4.174,0.95
2023/4/18,23.712,11.16,0,0,0,28,19,0,13.245,39.285,43.459,40.927,60.902,37.801,34.222,-26.04,1.12
2023/4/19,42.852,9,0,0,0,24,18,0,23.712,13.245,39.285,43.459,40.927,60.902,37.801,10.467,-2.16
2023/4/20,22.952,10.29,0,0,0,27,20,0,42.852,23.712,13.245,39.285,43.459,40.927,60.902,19.14,1.29
2023/4/21,38.311,9.17,0,0,0,27,16,0,22.952,42.852,23.712,13.245,39.285,43.459,40.927,-19.9,-1.11
2023/4/22,21.748,10.94,0,0,1,21,9,0,38.311,22.952,42.852,23.712,13.245,39.285,43.459,15.359,1.76
2023/4/23,17.384,9.66,0,0,1,12,8,0,21.748,38.311,22.952,42.852,23.712,13.245,39.285,-16.563,-1.27
2023/4/24,39.039,7.82,0,0,0,9,8,0,17.384,21.748,38.311,22.952,42.852,23.712,13.245,-4.364,-1.85
2023/4/25,32.215,9.14,0,0,0,19,9,0,39.039,17.384,21.748,38.311,22.952,42.852,23.712,21.655,1.32
2023/4/26,14.556,9.54,0,0,0,26,12,0,32.215,39.039,17.384,21.748,38.311,22.952,42.852,-6.824,0.4
2023/4/27,29.797,11.11,0,0,0,22,17,0,14.556,32.215,39.039,17.384,21.748,38.311,22.952,-17.659,1.57
2023/4/28,26.924,10.68,0,1,0,20,13,0,29.797,14.556,32.215,39.039,17.384,21.748,38.311,15.241,-0.43
2023/4/29,41.983,10.97,1,0,1,21,10,0,26.924,29.797,14.556,32.215,39.039,17.384,21.748,-2.873,0.29
2023/4/30,62.664,11.1,1,0,1,26,13,0,41.983,26.924,29.797,14.556,32.215,39.039,17.384,15.059,0.13
2023/5/1,86.977,11.45,1,0,0,27,19,0,62.664,41.983,26.924,29.797,14.556,32.215,39.039,20.681,0.35
2023/5/2,41.24,11.6,1,0,0,24,21,0,86.977,62.664,41.983,26.924,29.797,14.556,32.215,24.313,0.15
2023/5/3,26.812,10.74,1,0,0,31,24,0,41.24,86.977,62.664,41.983,26.924,29.797,14.556,-45.737,-0.86
2023/5/4,42.361,10.25,0,0,0,33,23,0,26.812,41.24,86.977,62.664,41.983,26.924,29.797,-14.428,-0.49
2023/5/5,28.852,9.79,0,0,0,31,20,0,42.361,26.812,41.24,86.977,62.664,41.983,26.924,15.549,-0.46
2023/5/6,34.649,10.86,0,0,1,20,14,0,28.852,42.361,26.812,41.24,86.977,62.664,41.983,-13.509,1.08
2023/5/7,32.664,10.67,0,0,1,14,13,0,34.649,28.852,42.361,26.812,41.24,86.977,62.664,5.797,-0.19
2023/5/8,28.513,11.16,0,0,0,18,14,0,32.664,34.649,28.852,42.361,26.812,41.24,86.977,-1.985,0.49
2023/5/9,19.879,9.06,0,0,0,16,15,0,28.513,32.664,34.649,28.852,42.361,26.812,41.24,-4.151,-2.09
2023/5/10,30.461,9.93,0,0,0,16,14,0,19.879,28.513,32.664,34.649,28.852,42.361,26.812,-8.634,0.87
2023/5/11,41.818,10.46,0,0,0,17,13,0,30.461,19.879,28.513,32.664,34.649,28.852,42.361,10.582,0.53
2023/5/12,26.114,10.15,0,0,0,25,15,0,41.818,30.461,19.879,28.513,32.664,34.649,28.852,11.357,-0.32
2023/5/13,27.109,9.94,0,0,1,27,17,0,26.114,41.818,30.461,19.879,28.513,32.664,34.649,-15.704,-0.21
2023/5/14,25.624,10.67,0,0,1,26,18,0,27.109,26.114,41.818,30.461,19.879,28.513,32.664,0.995,0.72
2023/5/15,21.23,10.41,0,0,0,31,19,0,25.624,27.109,26.114,41.818,30.461,19.879,28.513,-1.485,-0.26
2023/5/16,20.613,10.09,0,0,0,31,21,0,21.23,25.624,27.109,26.114,41.818,30.461,19.879,-4.394,-0.32
2023/5/17,22.122,10.85,0,0,0,30,19,0,20.613,21.23,25.624,27.109,26.114,41.818,30.461,-0.617,0.76
2023/5/18,24.886,9.74,0,0,0,32,20,0,22.122,20.613,21.23,25.624,27.109,26.114,41.818,1.509,-1.11
2023/5/19,33.315,9.81,0,0,0,26,20,0,24.886,22.122,20.613,21.23,25.624,27.109,26.114,2.764,0.08
2023/5/20,12.053,11.16,0,0,1,24,22,0,33.315,24.886,22.122,20.613,21.23,25.624,27.109,8.429,1.35
2023/5/21,39.337,9.35,0,0,1,34,14,1,12.053,33.315,24.886,22.122,20.613,21.23,25.624,-21.262,-1.81
2023/5/22,27.814,9.77,0,0,0,14,13,0,39.337,12.053,33.315,24.886,22.122,20.613,21.23,27.284,0.42
2023/5/23,12.14,10.76,0,0,0,17,15,0,27.814,39.337,12.053,33.315,24.886,22.122,20.613,-11.523,0.99
2023/5/24,38.371,7.89,0,0,0,23,20,0,12.14,27.814,39.337,12.053,33.315,24.886,22.122,-15.674,-2.86
2023/5/25,26.31,7.69,0,0,0,30,22,0,38.371,12.14,27.814,39.337,12.053,33.315,24.886,26.231,-0.2
2023/5/26,25.607,8.78,0,0,0,31,23,0,26.31,38.371,12.14,27.814,39.337,12.053,33.315,-12.061,1.09
2023/5/27,30.096,8.12,0,0,1,32,24,0,25.607,26.31,38.371,12.14,27.814,39.337,12.053,-0.703,-0.66
2023/5/28,27.33766667,8.2,0,0,1,33,25,0,30.096,25.607,26.31,38.371,12.14,27.814,39.337,4.489,0.08
2023/5/29,15.558,9.74,0,0,0,35,24,0,27.33766667,30.096,25.607,26.31,38.371,12.14,27.814,-2.75833333,1.54
2023/5/30,25.89,9.44,0,0,0,36,24,0,15.558,27.33766667,30.096,25.607,26.31,38.371,12.14,-11.77966667,-0.3
2023/5/31,7.704,7.96,0,0,0,30,23,0,25.89,15.558,27.33766667,30.096,25.607,26.31,38.371,10.332,-1.48
2023/6/1,36.734,10.21,0,0,0,25,22,0,7.704,25.89,15.558,27.33766667,30.096,25.607,26.31,-18.186,2.26
2023/6/2,19.874,9.27,0,0,0,31,22,0,36.734,7.704,25.89,15.558,27.33766667,30.096,25.607,29.03,-0.95
2023/6/3,15.487,10.07,0,0,1,33,23,0,19.874,36.734,7.704,25.89,15.558,27.33766667,30.096,-16.86,0.8
2023/6/4,18.037,10,0,0,1,34,22,0,15.487,19.874,36.734,7.704,25.89,15.558,27.33766667,-4.387,-0.06
2023/6/5,31.363,9.28,0,0,0,29,19,0,18.037,15.487,19.874,36.734,7.704,25.89,15.558,2.55,-0.72
2023/6/6,19.675,10.9,0,0,0,25,21,0,31.363,18.037,15.487,19.874,36.734,7.704,25.89,13.326,1.62
2023/6/7,19.306,10.39,0,0,0,33,22,0,19.675,31.363,18.037,15.487,19.874,36.734,7.704,-11.688,-0.51
2023/6/8,15.636,11.16,0,0,0,30,21,0,19.306,19.675,31.363,18.037,15.487,19.874,36.734,-0.369,0.77
2023/6/9,13.921,9.55,0,0,0,31,20,0,15.636,19.306,19.675,31.363,18.037,15.487,19.874,-3.67,-1.61
2023/6/10,13.002,10.93,0,0,1,36,24,0,13.921,15.636,19.306,19.675,31.363,18.037,15.487,-1.715,1.38
2023/6/11,22.073,9.61,0,0,1,34,23,0,13.002,13.921,15.636,19.306,19.675,31.363,18.037,-0.919,-1.32
2023/6/12,14.47,10.6,0,0,0,27,20,0,22.073,13.002,13.921,15.636,19.306,19.675,31.363,9.071,0.99
2023/6/13,19.744,8.83,0,0,0,24,20,0,14.47,22.073,13.002,13.921,15.636,19.306,19.675,-7.603,-1.77
2023/6/14,15.212,10.7,0,0,0,30,20,0,19.744,14.47,22.073,13.002,13.921,15.636,19.306,5.274,1.87
2023/6/15,11.734,10.97,0,0,0,29,21,0,15.212,19.744,14.47,22.073,13.002,13.921,15.636,-4.532,0.27
2023/6/16,18.034,8.26,0,0,0,28,24,0,11.734,15.212,19.744,14.47,22.073,13.002,13.921,-3.478,-2.71
2023/6/17,26.47,8.09,0,0,1,31,24,0,18.034,11.734,15.212,19.744,14.47,22.073,13.002,6.3,-0.17
2023/6/18,18.928,9.96,0,0,1,32,23,0,26.47,18.034,11.734,15.212,19.744,14.47,22.073,8.436,1.87
2023/6/19,24.525,9.65,0,0,0,29,22,0,18.928,26.47,18.034,11.734,15.212,19.744,14.47,-7.542,-0.31
2023/6/20,18.448,8.9,0,0,0,31,22,0,24.525,18.928,26.47,18.034,11.734,15.212,19.744,5.597,-0.75
2023/6/21,37.485,7.45,0,1,0,26,21,1,18.448,24.525,18.928,26.47,18.034,11.734,15.212,-6.077,-1.46
2023/6/22,69.843,7.59,1,0,0,23,21,0,37.485,18.448,24.525,18.928,26.47,18.034,11.734,19.037,0.14
2023/6/23,44.241,7.69,1,0,0,25,21,0,69.843,37.485,18.448,24.525,18.928,26.47,18.034,32.358,0.1
2023/6/24,21.366,7.98,1,0,1,23,20,0,44.241,69.843,37.485,18.448,24.525,18.928,26.47,-25.602,0.29
2023/6/25,10.514,7.98,0,0,1,30,21,0,21.366,44.241,69.843,37.485,18.448,24.525,18.928,-22.875,0
2023/6/26,21.138,7.44,0,0,0,33,23,0,10.514,21.366,44.241,69.843,37.485,18.448,24.525,-10.852,-0.54
2023/6/27,11.93,6.92,0,0,0,32,25,0,21.138,10.514,21.366,44.241,69.843,37.485,18.448,10.624,-0.52
2023/6/28,10.656,5.58,0,0,0,32,27,0,11.93,21.138,10.514,21.366,44.241,69.843,37.485,-9.208,-1.34
2023/6/29,26.048,6.24,0,0,0,31,24,0,10.656,11.93,21.138,10.514,21.366,44.241,69.843,-1.274,0.65
2023/6/30,33.054,8.22,0,0,0,27,23,0,26.048,10.656,11.93,21.138,10.514,21.366,44.241,15.392,1.98
2023/7/1,18.458,6.41,0,0,1,34,27,0,33.054,26.048,10.656,11.93,21.138,10.514,21.366,7.006,-1.8
2023/7/2,14.802,6.56,0,0,1,34,27,0,18.458,33.054,26.048,10.656,11.93,21.138,10.514,-14.596,0.15
2023/7/3,18.84,6.48,0,0,0,34,27,0,14.802,18.458,33.054,26.048,10.656,11.93,21.138,-3.656,-0.08
2023/7/4,31.719,5.68,0,0,0,32,23,0,18.84,14.802,18.458,33.054,26.048,10.656,11.93,4.038,-0.8
2023/7/5,27.566,6.41,0,0,0,30,25,0,31.719,18.84,14.802,18.458,33.054,26.048,10.656,12.879,0.74
2023/7/6,20.017,6.56,0,0,0,32,28,0,27.566,31.719,18.84,14.802,18.458,33.054,26.048,-4.153,0.15
2023/7/7,37.274,6.07,0,0,0,32,28,0,20.017,27.566,31.719,18.84,14.802,18.458,33.054,-7.549,-0.49
2023/7/8,29.875,6.27,0,0,1,32,26,0,37.274,20.017,27.566,31.719,18.84,14.802,18.458,17.257,0.19
2023/7/9,14.302,5.58,0,0,1,33,27,0,29.875,37.274,20.017,27.566,31.719,18.84,14.802,-7.399,-0.69
2023/7/10,15.106,6.56,0,0,0,33,25,0,14.302,29.875,37.274,20.017,27.566,31.719,18.84,-15.573,0.98
2023/7/11,25.965,6.34,0,0,0,34,26,0,15.106,14.302,29.875,37.274,20.017,27.566,31.719,0.804,-0.22
2023/7/12,24.825,4.71,0,0,0,33,26,0,25.965,15.106,14.302,29.875,37.274,20.017,27.566,10.859,-1.63
2023/7/13,17.801,5.85,0,0,0,33,28,0,24.825,25.965,15.106,14.302,29.875,37.274,20.017,-1.14,1.14
2023/7/14,34.452,5.64,0,0,0,34,23,0,17.801,24.825,25.965,15.106,14.302,29.875,37.274,-7.024,-0.21
2023/7/15,19.455,6.25,0,0,1,30,23,0,34.452,17.801,24.825,25.965,15.106,14.302,29.875,16.651,0.61
2023/7/16,26.481,7.1,0,0,1,33,22,0,19.455,34.452,17.801,24.825,25.965,15.106,14.302,-14.997,0.85
2023/7/17,21.07,9.16,0,0,0,29,23,0,26.481,19.455,34.452,17.801,24.825,25.965,15.106,7.026,2.06
2023/7/18,25.151,8.02,0,0,0,24,23,0,21.07,26.481,19.455,34.452,17.801,24.825,25.965,-5.411,-1.14
2023/7/19,13.529,7.32,0,0,0,31,24,0,25.151,21.07,26.481,19.455,34.452,17.801,24.825,4.081,-0.7
2023/7/20,33.251,6.39,0,0,0,32,24,0,13.529,25.151,21.07,26.481,19.455,34.452,17.801,-11.622,-0.92
2023/7/21,11.177,7.39,0,0,0,34,24,0,33.251,13.529,25.151,21.07,26.481,19.455,34.452,19.722,1
2023/7/22,15.965,8.24,0,0,1,32,26,0,11.177,33.251,13.529,25.151,21.07,26.481,19.455,-22.074,0.85
2023/7/23,33.726,5.88,0,0,1,33,25,0,15.965,11.177,33.251,13.529,25.151,21.07,26.481,4.788,-2.36
2023/7/24,20.862,8.51,0,0,0,35,26,0,33.726,15.965,11.177,33.251,13.529,25.151,21.07,17.761,2.63
2023/7/25,29.986,7.15,0,0,0,35,25,0,20.862,33.726,15.965,11.177,33.251,13.529,25.151,-12.864,-1.37
